0: 0.729409
1: 0.726566
2: 0.723716
3: 0.720859
4: 0.717994
5: 0.715122
6: 0.712243
7: 0.709357
8: 0.706464
9: 0.703563
10: 0.700655
11: 0.697739
12: 0.694816
13: 0.691886
14: 0.688948
15: 0.686003
16: 0.683050
17: 0.680090
18: 0.677122
19: 0.674146
20: 0.671163
21: 0.668172
22: 0.665174
23: 0.662168
24: 0.659154
25: 0.656132
26: 0.653102
27: 0.650065
28: 0.647020
29: 0.643967
30: 0.640906
31: 0.637837
32: 0.634759
33: 0.631674
34: 0.628581
35: 0.625480
36: 0.622371
37: 0.619253
38: 0.616128
39: 0.612994
40: 0.609852
41: 0.606701
42: 0.603543
43: 0.600376
44: 0.597200
45: 0.594016
46: 0.590824
47: 0.587623
48: 0.584414
49: 0.581196
50: 0.577970
51: 0.574735
52: 0.571491
53: 0.568239
54: 0.564978
55: 0.561708
56: 0.558429
57: 0.555142
58: 0.551845
59: 0.548540
60: 0.545226
61: 0.541903
62: 0.538571
63: 0.535230
64: 0.531879
65: 0.528520
66: 0.525152
67: 0.521774
68: 0.518387
69: 0.514991
70: 0.511585
71: 0.508170
72: 0.504746
73: 0.501313
74: 0.497870
75: 0.494417
76: 0.490955
77: 0.487483
78: 0.484002
79: 0.480511
80: 0.477010
81: 0.473500
82: 0.469979
83: 0.466449
84: 0.462910
85: 0.459360
86: 0.455800
87: 0.452230
88: 0.448651
89: 0.445061
90: 0.441461
91: 0.437851
92: 0.434231
93: 0.430600
94: 0.426959
95: 0.423308
96: 0.419647
97: 0.415975
98: 0.412292
99: 0.408600
100: 0.404896
101: 0.401182
102: 0.397457
103: 0.393722
104: 0.389976
105: 0.386219
106: 0.382451
107: 0.378673
108: 0.374883
109: 0.371083
110: 0.367271
111: 0.363449
112: 0.359615
113: 0.355770
114: 0.351914
115: 0.348047
116: 0.344169
117: 0.340279
118: 0.336377
119: 0.332464
120: 0.328540
121: 0.324604
122: 0.320657
123: 0.316698
124: 0.312727
125: 0.308744
126: 0.304750
127: 0.300743
128: 0.296725
129: 0.292695
130: 0.288653
131: 0.284598
132: 0.280532
133: 0.276453
134: 0.272362
135: 0.268259
136: 0.264143
137: 0.260015
138: 0.255875
139: 0.251722
140: 0.247556
141: 0.243378
142: 0.239187
143: 0.234984
144: 0.230767
145: 0.226538
146: 0.222296
147: 0.218040
148: 0.213772
149: 0.209490
150: 0.205196
151: 0.200888
152: 0.196567
153: 0.192232
154: 0.187884
155: 0.183523
156: 0.179148
157: 0.174759
158: 0.170357
159: 0.165941
160: 0.161511
161: 0.157068
162: 0.152610
163: 0.148139
164: 0.143653
165: 0.139153
166: 0.134639
167: 0.130111
168: 0.125568
169: 0.121012
170: 0.116440
171: 0.111854
172: 0.107254
173: 0.102638
174: 0.098008
175: 0.093364
176: 0.088704
177: 0.084029
178: 0.079340
179: 0.074635
180: 0.069915
181: 0.065180
182: 0.060429
183: 0.055663
184: 0.050882
185: 0.046085
186: 0.041272
187: 0.036444
188: 0.031600
189: 0.026740
190: 0.021864
191: 0.016973
192: 0.012065
193: 0.007140
194: 0.002200
195: 0.660165
196: 0.652464
197: 0.644763
198: 0.637062
199: 0.629361
200: 0.621660
201: 0.613959
202: 0.606258
203: 0.598557
204: 0.590856
205: 0.583155
206: 0.575453
207: 0.567752
208: 0.560051
209: 0.552350
210: 0.544649
211: 0.536948
212: 0.529247
213: 0.521546
214: 0.513845
215: 0.506144
216: 0.498442
217: 0.490741
218: 0.483040
219: 0.475339
220: 0.467638
221: 0.459937
222: 0.452236
223: 0.444535
224: 0.436834
225: 0.429132
226: 0.421431
227: 0.413730
228: 0.406029
229: 0.398328
230: 0.390627
231: 0.382926
232: 0.375225
233: 0.367524
234: 0.359823
235: 0.352122
236: 0.344420
237: 0.336719
238: 0.329018
239: 0.321317
240: 0.313616
241: 0.305915
242: 0.298214
243: 0.290513
244: 0.282812
245: 0.275111
246: 0.267409
247: 0.259708
248: 0.252007
249: 0.244306
250: 0.236605
251: 0.228904
252: 0.221203
253: 0.213502
254: 0.205801
255: 0.198100
256: 0.190398
257: 0.182697
258: 0.174996
259: 0.167295
260: 0.159594
261: 0.151893
262: 0.144192
263: 0.136491
264: 0.128790
265: 0.121089
266: 0.113387
267: 0.105686
268: 0.097985
269: 0.090284
270: 0.082583
271: 0.074882
272: 0.067181
273: 0.059480
274: 0.051779
275: 0.044078
276: 0.036376
277: 0.028675
278: 0.020974
279: 0.013273
280: 0.005572
281: 0.996271
282: 0.982748
283: 0.969173
284: 0.955545
285: 0.941865
286: 0.928131
287: 0.914344
288: 0.900503
289: 0.886608
290: 0.872658
291: 0.858653
292: 0.844593
293: 0.830478
294: 0.816307
295: 0.802080
296: 0.787797
297: 0.773456
298: 0.759059
299: 0.744604
300: 0.730091
301: 0.715520
302: 0.700890
303: 0.686202
304: 0.671455
305: 0.656647
306: 0.641780
307: 0.626853
308: 0.611865
309: 0.596816
310: 0.581705
311: 0.566533
312: 0.551298
313: 0.536001
314: 0.520641
315: 0.505217
316: 0.489730
317: 0.474179
318: 0.458563
319: 0.442882
320: 0.427136
321: 0.411325
322: 0.395447
323: 0.379502
324: 0.363490
325: 0.347411
326: 0.331265
327: 0.315050
328: 0.298766
329: 0.282413
330: 0.265990
331: 0.249498
332: 0.232935
333: 0.216301
334: 0.199595
335: 0.182818
336: 0.165969
337: 0.149046
338: 0.132051
339: 0.114981
340: 0.097838
341: 0.080620
342: 0.063326
343: 0.045957
344: 0.028512
345: 0.010990
346: 0.496099
347: 0.486198
348: 0.476297
349: 0.466396
350: 0.456495
351: 0.446594
352: 0.436693
353: 0.426792
354: 0.416891
355: 0.406990
356: 0.397088
357: 0.387187
358: 0.377286
359: 0.367385
360: 0.357484
361: 0.347583
362: 0.337682
363: 0.327781
364: 0.317880
365: 0.307979
366: 0.298077
367: 0.288176
368: 0.278275
369: 0.268374
370: 0.258473
371: 0.248572
372: 0.238671
373: 0.228770
374: 0.218869
375: 0.208967
376: 0.199066
377: 0.189165
378: 0.179264
379: 0.169363
380: 0.159462
381: 0.149561
382: 0.139660
383: 0.129759
384: 0.119858
385: 0.109957
386: 0.100055
387: 0.090154
388: 0.080253
389: 0.070352
390: 0.060451
391: 0.050550
392: 0.040649
393: 0.030748
394: 0.020847
395: 0.010946
396: 0.001044
397: 0.991143
398: 0.981242
399: 0.971341
400: 0.961440
401: 0.951539
402: 0.941638
403: 0.931737
404: 0.921836
405: 0.911935
406: 0.902033
407: 0.892132
408: 0.882231
409: 0.872330
410: 0.862429
411: 0.996728
412: 0.989027
413: 0.981326
414: 0.973625
415: 0.965924
416: 0.958222
417: 0.950521
418: 0.942820
419: 0.935119
420: 0.927418
421: 0.919717
422: 0.912016
423: 0.904315
424: 0.896614
425: 0.888912
426: 0.881211
427: 0.873510
428: 0.865809
429: 0.858108
430: 0.850407
431: 0.842706
432: 0.835005
433: 0.827304
434: 0.819603
435: 0.811902
436: 0.804200
437: 0.796499
438: 0.788798
439: 0.781097
440: 0.773396
441: 0.765695
442: 0.757994
443: 0.750293
444: 0.742592
445: 0.734891
446: 0.727189
447: 0.719488
448: 0.711787
449: 0.704086
450: 0.696385
451: 0.688684
452: 0.680983
453: 0.673282
454: 0.665581
455: 0.657879
456: 0.650178
457: 0.642477
458: 0.634776
459: 0.627075
460: 0.619374
461: 0.611673
462: 0.603972
463: 0.596271
464: 0.588570
465: 0.580868
466: 0.573167
467: 0.565466
468: 0.557765
469: 0.550064
470: 0.542363
471: 0.534662
472: 0.526961
473: 0.519260
474: 0.511559
475: 0.503858
476: 0.496156
477: 0.488455
478: 0.480754
479: 0.473053
480: 0.465352
481: 0.457651
482: 0.449950
483: 0.442249
484: 0.434548
485: 0.426846
486: 0.419145
487: 0.411444
488: 0.403743
489: 0.396042
490: 0.388341
491: 0.380640
492: 0.372939
493: 0.365238
494: 0.357537
495: 0.349836
496: 0.342134
497: 0.334433
498: 0.326732
499: 0.319031
500: 0.311330
501: 0.303629
502: 0.295928
503: 0.288227
504: 0.280526
505: 0.272825
506: 0.265123
507: 0.257422
508: 0.249721
509: 0.242020
510: 0.234319
511: 0.226618
512: 0.218917
513: 0.211216
514: 0.203515
515: 0.195813
516: 0.188112
517: 0.180411
518: 0.172710
519: 0.165009
520: 0.157308
521: 0.149607
522: 0.141906
523: 0.134205
524: 0.126504
525: 0.118803
526: 0.111101
527: 0.103400
528: 0.095699
529: 0.087998
530: 0.080297
531: 0.072596
532: 0.064895
533: 0.057194
534: 0.049493
535: 0.041792
536: 0.034090
537: 0.026389
538: 0.018688
539: 0.010987
540: 0.003286
541: 0.995585
542: 0.987884
543: 0.980183
544: 0.972482
545: 0.964780
546: 0.957079
547: 0.949378
548: 0.941677
549: 0.933976
550: 0.926275
551: 0.918574
552: 0.910873
553: 0.903172
554: 0.895471
555: 0.887770
556: 0.880068
557: 0.872367
558: 0.864666
559: 0.856965
560: 0.849264
561: 0.841563
562: 0.833862
563: 0.826161
564: 0.818460
565: 0.810759
566: 0.803057
567: 0.795356
568: 0.787655
569: 0.779954
570: 0.772253
571: 0.764552
572: 0.756851
573: 0.749150
574: 0.741449
575: 0.733747
576: 0.726046
577: 0.718345
578: 0.710644
579: 0.702943
580: 0.695242
581: 0.687541
582: 0.679840
583: 0.672139
584: 0.664438
585: 0.656737
586: 0.649035
587: 0.641334
588: 0.633633
589: 0.625932
590: 0.618231
591: 0.610530
592: 0.602829
593: 0.595128
594: 0.587427
595: 0.579726
596: 0.572024
597: 0.564323
598: 0.556622
599: 0.548921
600: 0.541220
601: 0.533519
602: 0.525818
603: 0.518117
604: 0.510416
605: 0.502715
606: 0.495013
607: 0.487312
608: 0.479611
609: 0.471910
610: 0.464209
611: 0.456508
612: 0.448807
613: 0.441106
614: 0.433405
615: 0.425704
616: 0.418002
617: 0.410301
618: 0.402600
619: 0.394899
620: 0.387198
621: 0.379497
622: 0.371796
623: 0.364095
624: 0.356394
625: 0.348693
626: 0.340991
627: 0.333290
628: 0.325589
629: 0.317888
630: 0.310187
631: 0.302486
632: 0.294785
633: 0.287084
634: 0.279383
635: 0.271682
636: 0.263980
637: 0.256279
638: 0.248578
639: 0.240877
640: 0.233176
641: 0.225475
642: 0.217774
643: 0.210073
644: 0.202372
645: 0.194670
646: 0.186969
647: 0.179268
648: 0.171567
649: 0.163866
650: 0.156165
651: 0.148464
652: 0.140763
653: 0.133062
654: 0.125361
655: 0.117660
656: 0.109958
657: 0.102257
658: 0.094556
659: 0.086855
660: 0.079154
661: 0.071453
662: 0.063752
663: 0.056051
664: 0.048350
665: 0.040648
666: 0.032947
667: 0.025246
668: 0.017545
669: 0.009844
670: 0.002143
671: 0.960831
672: 0.905830
673: 0.849962
674: 0.793208
675: 0.735545
676: 0.676953
677: 0.617408
678: 0.556887
679: 0.495365
680: 0.432818
681: 0.369220
682: 0.304544
683: 0.238762
684: 0.171846
685: 0.103767
686: 0.034493
687: 0.963993
688: 0.892234
689: 0.819182
690: 0.744802
691: 0.669057
692: 0.591909
693: 0.513319
694: 0.433247
695: 0.351649
696: 0.268483
697: 0.183701
698: 0.097257
699: 0.009101
700: 0.919182
701: 0.827446
702: 0.733839
703: 0.638301
704: 0.540773
705: 0.441191
706: 0.339491
707: 0.235604
708: 0.129458
709: 0.020980
710: 0.486099
711: 0.469598
712: 0.453097
713: 0.436596
714: 0.420095
715: 0.403593
716: 0.387092
717: 0.370591
718: 0.354090
719: 0.337589
720: 0.321088
721: 0.304587
722: 0.288086
723: 0.271585
724: 0.255084
725: 0.238582
726: 0.222081
727: 0.205580
728: 0.189079
729: 0.172578
730: 0.156077
731: 0.139576
732: 0.123075
733: 0.106574
734: 0.090073
735: 0.073572
736: 0.057070
737: 0.040569
738: 0.024068
739: 0.007567
740: 0.864636
741: 0.608088
742: 0.342693
743: 0.067986
744: 0.783468
745: 0.488603
746: 0.182818
747: 0.050458
748: 0.030657
749: 0.010856
750: 0.991055
751: 0.971254
752: 0.951453
753: 0.931652
754: 0.911851
755: 0.892050
756: 0.872248
757: 0.852447
758: 0.832646
759: 0.812845
760: 0.793044
761: 0.773243
762: 0.753442
763: 0.733641
764: 0.713840
765: 0.694038
766: 0.674237
767: 0.654436
768: 0.634635
769: 0.614834
770: 0.595033
771: 0.575232
772: 0.555431
773: 0.535630
774: 0.515829
775: 0.496027
776: 0.476226
777: 0.456425
778: 0.436624
779: 0.416823
780: 0.397022
781: 0.377221
782: 0.357420
783: 0.337619
784: 0.317818
785: 0.298017
786: 0.278215
787: 0.258414
788: 0.238613
789: 0.218812
790: 0.199011
791: 0.179210
792: 0.159409
793: 0.139608
794: 0.119807
795: 0.100005
796: 0.080204
797: 0.060403
798: 0.040602
799: 0.020801
800: 0.001000
801: 0.993299
802: 0.985598
803: 0.977897
804: 0.970196
805: 0.962494
806: 0.954793
807: 0.947092
808: 0.939391
809: 0.931690
810: 0.923989
811: 0.916288
812: 0.908587
813: 0.900886
814: 0.893185
815: 0.885483
816: 0.877782
817: 0.870081
818: 0.862380
819: 0.854679
820: 0.846978
821: 0.839277
822: 0.831576
823: 0.823875
824: 0.816174
825: 0.808472
826: 0.800771
827: 0.793070
828: 0.785369
829: 0.777668
830: 0.769967
831: 0.762266
832: 0.754565
833: 0.746864
834: 0.739163
835: 0.731461
836: 0.723760
837: 0.716059
838: 0.708358
839: 0.700657
840: 0.692956
841: 0.685255
842: 0.677554
843: 0.669853
844: 0.662152
845: 0.654451
846: 0.646749
847: 0.639048
848: 0.631347
849: 0.623646
850: 0.615945
851: 0.608244
852: 0.600543
853: 0.592842
854: 0.585141
855: 0.577439
856: 0.569738
857: 0.562037
858: 0.554336
859: 0.546635
860: 0.538934
861: 0.531233
862: 0.523532
863: 0.515831
864: 0.508130
865: 0.500428
866: 0.492727
867: 0.485026
868: 0.477325
869: 0.469624
870: 0.461923
871: 0.454222
872: 0.446521
873: 0.438820
874: 0.431119
875: 0.423417
876: 0.415716
877: 0.408015
878: 0.400314
879: 0.392613
880: 0.384912
881: 0.377211
882: 0.369510
883: 0.361809
884: 0.354108
885: 0.346407
886: 0.338705
887: 0.331004
888: 0.323303
889: 0.315602
890: 0.307901
891: 0.300200
892: 0.292499
893: 0.284798
894: 0.277097
895: 0.269396
896: 0.261694
897: 0.253993
898: 0.246292
899: 0.238591
900: 0.230890
901: 0.223189
902: 0.215488
903: 0.207787
904: 0.200086
905: 0.192384
906: 0.184683
907: 0.176982
908: 0.169281
909: 0.161580
910: 0.153879
911: 0.146178
912: 0.138477
913: 0.130776
914: 0.123075
915: 0.115373
916: 0.107672
917: 0.099971
918: 0.092270
919: 0.084569
920: 0.076868
921: 0.069167
922: 0.061466
923: 0.053765
924: 0.046064
925: 0.038362
926: 0.030661
927: 0.022960
928: 0.015259
929: 0.007558
930: 0.999857
931: 0.992156
932: 0.984455
933: 0.976754
934: 0.969053
935: 0.961351
936: 0.953650
937: 0.945949
938: 0.938248
939: 0.930547
940: 0.922846
941: 0.915145
942: 0.907444
943: 0.899743
944: 0.892042
945: 0.884341
946: 0.876639
947: 0.868938
948: 0.861237
949: 0.853536
950: 0.845835
951: 0.838134
952: 0.830433
953: 0.822732
954: 0.815031
955: 0.807329
956: 0.799628
957: 0.791927
958: 0.784226
959: 0.776525
960: 0.768824
961: 0.761123
962: 0.753422
963: 0.745721
964: 0.738020
965: 0.730318
966: 0.722617
967: 0.714916
968: 0.707215
969: 0.699514
970: 0.691813
971: 0.684112
972: 0.676411
973: 0.668710
974: 0.661009
975: 0.653307
976: 0.645606
977: 0.637905
978: 0.630204
979: 0.622503
980: 0.614802
981: 0.607101
982: 0.599400
983: 0.591699
984: 0.583998
985: 0.576296
986: 0.568595
987: 0.560894
988: 0.553193
989: 0.545492
990: 0.537791
991: 0.530090
992: 0.522389
993: 0.514688
994: 0.506987
995: 0.499286
996: 0.491584
997: 0.483883
998: 0.476182
999: 0.468481
1000: 0.460780
1001: 0.453079
1002: 0.445378
1003: 0.437677
1004: 0.429976
1005: 0.422274
1006: 0.414573
1007: 0.406872
1008: 0.399171
1009: 0.391470
1010: 0.383769
1011: 0.376068
1012: 0.368367
1013: 0.360666
1014: 0.352965
1015: 0.345263
1016: 0.337562
1017: 0.329861
1018: 0.322160
1019: 0.314459
1020: 0.306758
1021: 0.299057
1022: 0.291356
1023: 0.283655
1024: 0.275954
1025: 0.268252
1026: 0.260551
1027: 0.252850
1028: 0.245149
1029: 0.237448
1030: 0.229747
1031: 0.222046
1032: 0.214345
1033: 0.206644
1034: 0.198943
1035: 0.191241
1036: 0.183540
1037: 0.175839
1038: 0.168138
1039: 0.160437
1040: 0.152736
1041: 0.145035
1042: 0.137334
1043: 0.129633
1044: 0.121932
1045: 0.114231
1046: 0.106529
1047: 0.098828
1048: 0.091127
1049: 0.083426
1050: 0.075725
1051: 0.068024
1052: 0.060323
1053: 0.052622
1054: 0.044921
1055: 0.037219
1056: 0.029518
1057: 0.021817
1058: 0.014116
1059: 0.006415
1060: 0.004497
1061: 0.031303
1062: 0.057905
1063: 0.084305
1064: 0.110504
1065: 0.136506
1066: 0.162312
1067: 0.187925
1068: 0.213347
1069: 0.238580
1070: 0.263626
1071: 0.288487
1072: 0.313166
1073: 0.337663
1074: 0.361982
1075: 0.386124
1076: 0.410091
1077: 0.433885
1078: 0.457508
1079: 0.480961
1080: 0.504247
1081: 0.527367
1082: 0.550323
1083: 0.573117
1084: 0.595750
1085: 0.618225
1086: 0.640542
1087: 0.662704
1088: 0.684712
1089: 0.706568
1090: 0.728273
1091: 0.749828
1092: 0.771237
1093: 0.792499
1094: 0.813616
1095: 0.834590
1096: 0.855423
1097: 0.876115
1098: 0.896668
1099: 0.917084
1100: 0.937364
1101: 0.957509
1102: 0.977520
1103: 0.997400
1104: 0.017148
1105: 0.036768
1106: 0.056258
1107: 0.075622
1108: 0.094861
1109: 0.113974
1110: 0.132965
1111: 0.151833
1112: 0.170580
1113: 0.189208
1114: 0.207717
1115: 0.226108
1116: 0.244383
1117: 0.262543
1118: 0.280588
1119: 0.298521
1120: 0.316341
1121: 0.334050
1122: 0.351649
1123: 0.369140
1124: 0.386522
1125: 0.403797
1126: 0.420967
1127: 0.438031
1128: 0.454991
1129: 0.471848
1130: 0.488603
1131: 0.505257
1132: 0.521811
1133: 0.538265
1134: 0.554620
1135: 0.570878
1136: 0.587039
1137: 0.603104
1138: 0.619074
1139: 0.634950
1140: 0.650733
1141: 0.666423
1142: 0.682021
1143: 0.697528
1144: 0.712945
1145: 0.728273
1146: 0.743512
1147: 0.758663
1148: 0.773727
1149: 0.788705
1150: 0.803597
1151: 0.818405
1152: 0.833128
1153: 0.847768
1154: 0.862325
1155: 0.876800
1156: 0.891194
1157: 0.905507
1158: 0.919740
1159: 0.933894
1160: 0.947970
1161: 0.961967
1162: 0.975887
1163: 0.989730
1164: 0.003498
1165: 0.017189
1166: 0.030806
1167: 0.044349
1168: 0.057818
1169: 0.071214
1170: 0.084538
1171: 0.097790
1172: 0.110971
1173: 0.124081
1174: 0.137121
1175: 0.150091
1176: 0.162992
1177: 0.175825
1178: 0.188590
1179: 0.201288
1180: 0.213919
1181: 0.226483
1182: 0.238982
1183: 0.251415
1184: 0.263784
1185: 0.276089
1186: 0.288329
1187: 0.300507
1188: 0.312621
1189: 0.324674
1190: 0.336664
1191: 0.348594
1192: 0.360462
1193: 0.372270
1194: 0.384018
1195: 0.395707
1196: 0.407336
1197: 0.418907
1198: 0.430420
1199: 0.441875
1200: 0.453273
1201: 0.464614
1202: 0.475898
1203: 0.487127
1204: 0.498300
1205: 0.509418
1206: 0.520481
1207: 0.531489
1208: 0.542444
1209: 0.553345
1210: 0.564193
1211: 0.574988
1212: 0.585731
1213: 0.596422
1214: 0.607061
1215: 0.617648
1216: 0.628185
1217: 0.638672
1218: 0.649108
1219: 0.659494
1220: 0.669831
1221: 0.680119
1222: 0.690358
1223: 0.700549
1224: 0.710691
1225: 0.720786
1226: 0.730834
1227: 0.740834
1228: 0.750788
1229: 0.760695
1230: 0.770556
1231: 0.780371
1232: 0.790141
1233: 0.799866
1234: 0.809546
1235: 0.819182
1236: 0.828773
1237: 0.838321
1238: 0.847824
1239: 0.857285
1240: 0.866702
1241: 0.876077
1242: 0.885410
1243: 0.894700
1244: 0.903948
1245: 0.913155
1246: 0.922321
1247: 0.931445
1248: 0.940529
1249: 0.949573
1250: 0.958576
1251: 0.967539
1252: 0.976463
1253: 0.985347
1254: 0.994192
1255: 0.002998
1256: 0.011766
1257: 0.020495
1258: 0.029186
1259: 0.037839
1260: 0.046455
1261: 0.055033
1262: 0.063574
1263: 0.072078
1264: 0.080545
1265: 0.088977
1266: 0.097371
1267: 0.105730
1268: 0.114054
1269: 0.122341
1270: 0.130594
1271: 0.138811
1272: 0.146994
1273: 0.155142
1274: 0.163255
1275: 0.171335
1276: 0.179380
1277: 0.187392
1278: 0.195370
1279: 0.203315
1280: 0.211227
1281: 0.219106
1282: 0.226952
1283: 0.234766
1284: 0.242548
1285: 0.250297
1286: 0.258015
1287: 0.265700
1288: 0.273355
1289: 0.280978
1290: 0.288570
1291: 0.296131
1292: 0.303661
1293: 0.311160
1294: 0.318630
1295: 0.326069
1296: 0.333478
1297: 0.340857
1298: 0.348207
1299: 0.355527
1300: 0.362818
1301: 0.370080
1302: 0.377313
1303: 0.384517
1304: 0.391693
1305: 0.398840
1306: 0.405959
1307: 0.413049
1308: 0.420112
1309: 0.427148
1310: 0.434155
1311: 0.441135
1312: 0.448088
1313: 0.455014
1314: 0.461913
1315: 0.468785
1316: 0.475630
1317: 0.482449
1318: 0.489241
1319: 0.496008
1320: 0.502748
1321: 0.509463
1322: 0.516152
1323: 0.522815
1324: 0.529452
1325: 0.536065
1326: 0.542652
1327: 0.549215
1328: 0.555752
1329: 0.562265
1330: 0.568753
1331: 0.575217
1332: 0.581656
1333: 0.588071
1334: 0.594463
1335: 0.600830
1336: 0.607174
1337: 0.613494
1338: 0.619790
1339: 0.626063
1340: 0.632313
1341: 0.638540
1342: 0.644744
1343: 0.650925
1344: 0.657083
1345: 0.663219
1346: 0.669332
1347: 0.675422
1348: 0.681491
1349: 0.687538
1350: 0.693562
1351: 0.699565
1352: 0.705545
1353: 0.711505
1354: 0.717442
1355: 0.723359
1356: 0.729254
1357: 0.735128
1358: 0.740980
1359: 0.746812
1360: 0.752623
1361: 0.758414
1362: 0.764183
1363: 0.769933
1364: 0.775662
1365: 0.781370
1366: 0.787058
1367: 0.792727
1368: 0.798375
1369: 0.804004
1370: 0.809612
1371: 0.815202
1372: 0.820771
1373: 0.826321
1374: 0.831852
1375: 0.837364
1376: 0.842856
1377: 0.848329
1378: 0.853784
1379: 0.859220
1380: 0.864636
1381: 0.870035
1382: 0.875414
1383: 0.880775
1384: 0.886118
1385: 0.891443
1386: 0.896749
1387: 0.902038
1388: 0.907308
1389: 0.912560
1390: 0.917795
1391: 0.923012
1392: 0.928211
1393: 0.933393
1394: 0.938557
1395: 0.943704
1396: 0.948834
1397: 0.953947
1398: 0.959042
1399: 0.964120
1400: 0.969182
1401: 0.974226
1402: 0.979254
1403: 0.984265
1404: 0.989260
1405: 0.994238
1406: 0.999200
1407: 0.004145
1408: 0.009074
1409: 0.013987
1410: 0.018884
1411: 0.023764
1412: 0.028629
1413: 0.033478
1414: 0.038311
1415: 0.043129
1416: 0.047930
1417: 0.052717
1418: 0.057487
1419: 0.062242
1420: 0.066982
1421: 0.071707
1422: 0.076417
1423: 0.081111
1424: 0.085790
1425: 0.090455
1426: 0.095104
1427: 0.099739
1428: 0.104358
1429: 0.108964
1430: 0.113554
1431: 0.118130
1432: 0.122692
1433: 0.127239
1434: 0.131771
1435: 0.136290
1436: 0.140794
1437: 0.145284
1438: 0.149760
1439: